Running hello 1.0.
Util version: 0.0.1-SHAPSHOT
Hello World, Y'all! (In C++)
